
Welcome to Gradle 8.9!

Here are the highlights of this release:
 - Enhanced Error and Warning Messages
 - IDE Integration Improvements
 - Daemon JVM Information

For more details see https://docs.gradle.org/8.9/release-notes.html

To honour the JVM settings for this build a single-use Daemon process will be forked. For more on this, please refer to https://docs.gradle.org/8.9/userguide/gradle_daemon.html#sec:disabling_the_daemon in the Gradle documentation.
Daemon will be stopped at the end of the build 
> Task :app:preBuild UP-TO-DATE
> Task :app:preReleaseBuild UP-TO-DATE
> Task :app:configureCMakeRelWithDebInfo[arm64-v8a]
> Task :app:buildCMakeRelWithDebInfo[arm64-v8a]
> Task :app:configureCMakeRelWithDebInfo[armeabi-v7a]
> Task :app:buildCMakeRelWithDebInfo[armeabi-v7a]

> Task :app:configureCMakeRelWithDebInfo[x86]
C/C++: CMake Warning at CMakeLists.txt:42 (message):
C/C++:   Needle publishes no engine for x86; no input tools will be available on
C/C++:   that ABI.
C/C++: CMake Warning at CMakeLists.txt:87 (message):
C/C++:   No prebuilt Needle engine for x86; on-device inference will be unavailable
C/C++:   on that ABI.

> Task :app:buildCMakeRelWithDebInfo[x86]

> Task :app:configureCMakeRelWithDebInfo[x86_64]
C/C++: CMake Warning at CMakeLists.txt:42 (message):
C/C++:   Needle publishes no engine for x86_64; no input tools will be available on
C/C++:   that ABI.
C/C++: CMake Warning at CMakeLists.txt:87 (message):
C/C++:   No prebuilt Needle engine for x86_64; on-device inference will be
C/C++:   unavailable on that ABI.

> Task :app:buildCMakeRelWithDebInfo[x86_64]
> Task :app:mergeReleaseJniLibFolders
> Task :app:mergeReleaseNativeLibs
> Task :app:buildKotlinToolingMetadata
> Task :app:stripReleaseDebugSymbols
> Task :app:checkKotlinGradlePluginConfigurationErrors SKIPPED
> Task :app:generateReleaseBuildConfig
> Task :app:checkReleaseDuplicateClasses
> Task :app:generateReleaseResValues
> Task :app:checkReleaseAarMetadata
> Task :app:mapReleaseSourceSetPaths
> Task :app:generateReleaseResources
> Task :app:extractReleaseNativeSymbolTables
> Task :app:packageReleaseResources
> Task :app:mergeReleaseNativeDebugMetadata
> Task :app:mergeReleaseResources
> Task :app:createReleaseCompatibleScreenManifests
> Task :app:extractDeepLinksRelease
> Task :app:parseReleaseLocalResources
> Task :app:processReleaseMainManifest
> Task :app:processReleaseManifest
> Task :app:javaPreCompileRelease
> Task :app:mergeReleaseArtProfile
> Task :app:extractProguardFiles
> Task :app:mergeReleaseStartupProfile
> Task :app:mergeReleaseShaders
> Task :app:compileReleaseShaders NO-SOURCE
> Task :app:generateReleaseAssets UP-TO-DATE
> Task :app:mergeReleaseAssets
> Task :app:processReleaseManifestForPackage
> Task :app:compressReleaseAssets
> Task :app:extractReleaseVersionControlInfo
> Task :app:collectReleaseDependencies
> Task :app:sdkReleaseDependencyData
> Task :app:validateSigningRelease
> Task :app:writeReleaseAppMetadata
> Task :app:writeReleaseSigningConfigVersions
> Task :app:processReleaseResources
> Task :app:convertLinkedResourcesToProtoRelease
> Task :app:compileReleaseKotlin
w: file:///home/runner/work/Wahari/Wahari/android/app/src/main/java/dev/citali/needle/pilot/accessibility/NeedleAccessibilityService.kt:301:73 This declaration needs opt-in. Its usage should be marked with '@kotlinx.coroutines.ExperimentalCoroutinesApi' or '@OptIn(kotlinx.coroutines.ExperimentalCoroutinesApi::class)'
w: file:///home/runner/work/Wahari/Wahari/android/app/src/main/java/dev/citali/needle/pilot/accessibility/NeedleAccessibilityService.kt:305:73 This declaration needs opt-in. Its usage should be marked with '@kotlinx.coroutines.ExperimentalCoroutinesApi' or '@OptIn(kotlinx.coroutines.ExperimentalCoroutinesApi::class)'
w: file:///home/runner/work/Wahari/Wahari/android/app/src/main/java/dev/citali/needle/pilot/accessibility/NeedleAccessibilityService.kt:311:69 This declaration needs opt-in. Its usage should be marked with '@kotlinx.coroutines.ExperimentalCoroutinesApi' or '@OptIn(kotlinx.coroutines.ExperimentalCoroutinesApi::class)'
w: file:///home/runner/work/Wahari/Wahari/android/app/src/main/java/dev/citali/needle/pilot/overlay/PilotQuestionOverlay.kt:123:56 'static field SOFT_INPUT_ADJUST_RESIZE: Int' is deprecated. Deprecated in Java.
w: file:///home/runner/work/Wahari/Wahari/android/app/src/main/java/dev/citali/needle/tools/PhoneTools.kt:698:50 'val ipAddress: Int' is deprecated. Deprecated in Java.
w: file:///home/runner/work/Wahari/Wahari/android/app/src/main/java/dev/citali/needle/tools/PhoneTools.kt:733:49 'field SSID: String!' is deprecated. Deprecated in Java.
w: file:///home/runner/work/Wahari/Wahari/android/app/src/main/java/dev/citali/needle/ui/SettingsScreen.kt:569:48 'val Icons.Filled.Send: ImageVector' is deprecated. Use the AutoMirrored version at Icons.AutoMirrored.Filled.Send.
w: file:///home/runner/work/Wahari/Wahari/android/app/src/main/java/dev/citali/needle/ui/SettingsScreen.kt:1043:48 'val Icons.Filled.OpenInNew: ImageVector' is deprecated. Use the AutoMirrored version at Icons.AutoMirrored.Filled.OpenInNew.

> Task :app:compileReleaseJavaWithJavac
> Task :app:mergeReleaseGeneratedProguardFiles
> Task :app:processReleaseJavaRes
> Task :app:expandReleaseArtProfileWildcards
> Task :app:mergeReleaseJavaResource
> Task :app:minifyReleaseWithR8
> Task :app:compileReleaseArtProfile
> Task :app:shrinkReleaseRes
> Task :app:convertShrunkResourcesToBinaryRelease
> Task :app:optimizeReleaseResources
> Task :app:packageRelease
> Task :app:createReleaseApkListingFileRedirect
> Task :app:assembleRelease

BUILD SUCCESSFUL in 3m 35s
56 actionable tasks: 56 executed
