++ ls apk/Wahari-0.0.8-06764838404db3f05809fdc6095c61273ac8bb09.apk
++ head -n 1
+ apk=apk/Wahari-0.0.8-06764838404db3f05809fdc6095c61273ac8bb09.apk
+ echo 'Artifact: apk/Wahari-0.0.8-06764838404db3f05809fdc6095c61273ac8bb09.apk'
Artifact: apk/Wahari-0.0.8-06764838404db3f05809fdc6095c61273ac8bb09.apk
+ echo '---- native code in the APK ----'
---- native code in the APK ----
+ unzip -l apk/Wahari-0.0.8-06764838404db3f05809fdc6095c61273ac8bb09.apk 'lib/*'
Archive:  apk/Wahari-0.0.8-06764838404db3f05809fdc6095c61273ac8bb09.apk
  Length      Date    Time    Name
---------  ---------- -----   ----
    10096  1981-01-01 01:01   lib/arm64-v8a/libandroidx.graphics.path.so
  1292904  1981-01-01 01:01   lib/arm64-v8a/libc++_shared.so
     7112  1981-01-01 01:01   lib/arm64-v8a/libdatastore_shared_counter.so
  1180152  1981-01-01 01:01   lib/arm64-v8a/libneedlejni.so
     7252  1981-01-01 01:01   lib/armeabi-v7a/libandroidx.graphics.path.so
   872872  1981-01-01 01:01   lib/armeabi-v7a/libc++_shared.so
     4416  1981-01-01 01:01   lib/armeabi-v7a/libdatastore_shared_counter.so
     3732  1981-01-01 01:01   lib/armeabi-v7a/libneedlejni.so
     9284  1981-01-01 01:01   lib/x86/libandroidx.graphics.path.so
  1254988  1981-01-01 01:01   lib/x86/libc++_shared.so
     5148  1981-01-01 01:01   lib/x86/libdatastore_shared_counter.so
     4336  1981-01-01 01:01   lib/x86/libneedlejni.so
    10760  1981-01-01 01:01   lib/x86_64/libandroidx.graphics.path.so
  1252080  1981-01-01 01:01   lib/x86_64/libc++_shared.so
     6224  1981-01-01 01:01   lib/x86_64/libdatastore_shared_counter.so
     5376  1981-01-01 01:01   lib/x86_64/libneedlejni.so
---------                     -------
  5926732                     16 files
+ echo '---- device ----'
---- device ----
+ adb shell getprop ro.product.cpu.abi
x86_64
+ adb shell getprop ro.build.version.release
14
+ echo '---- install ----'
---- install ----
+ adb install -r -g apk/Wahari-0.0.8-06764838404db3f05809fdc6095c61273ac8bb09.apk
Performing Streamed Install
Success
+ echo '---- launch ----'
---- launch ----
+ adb shell am start -W -n com.ajirodesu.wahari/dev.citali.needle.MainActivity
Starting: Intent { cmp=com.ajirodesu.wahari/dev.citali.needle.MainActivity }
Status: ok
LaunchState: COLD
Activity: com.ajirodesu.wahari/dev.citali.needle.MainActivity
TotalTime: 2051
WaitTime: 2057
Complete
+ sleep 20
+ echo '---- process ----'
---- process ----
++ adb shell pidof com.ajirodesu.wahari
++ tr -d '\r'
+ pid=2720
+ '[' -z 2720 ']'
+ echo 'Needle is running as pid 2720'
Needle is running as pid 2720
+ echo '---- crash buffer ----'
---- crash buffer ----
+ adb logcat -d -b crash
+ grep -q com.ajirodesu.wahari
+ echo '(crash buffer is clean)'
(crash buffer is clean)
+ echo '---- top activity ----'
---- top activity ----
+ adb shell dumpsys activity activities
+ grep -m1 topResumedActivity
    topResumedActivity=ActivityRecord{287708 u0 com.ajirodesu.wahari/dev.citali.needle.MainActivity t8}
+ grep -q com.ajirodesu.wahari
+ adb shell dumpsys activity activities
+ grep -m1 topResumedActivity
+ echo '---- errors the app logged ----'
---- errors the app logged ----
+ adb logcat -d -v brief '*:E'
+ grep -i com.ajirodesu.wahari
+ echo '(none)'
(none)
+ echo '---- screenshot ----'
---- screenshot ----
+ adb exec-out screencap -p
+ ls -la screenshot.png
-rw-r--r-- 1 runner runner 103732 Oct  3 01:33 screenshot.png
