++ ls apk/Wahari-0.0.10-18987b5082d21470a23cf3c6aa20fc7d59c5132d.apk
++ head -n 1
+ apk=apk/Wahari-0.0.10-18987b5082d21470a23cf3c6aa20fc7d59c5132d.apk
+ echo 'Artifact: apk/Wahari-0.0.10-18987b5082d21470a23cf3c6aa20fc7d59c5132d.apk'
Artifact: apk/Wahari-0.0.10-18987b5082d21470a23cf3c6aa20fc7d59c5132d.apk
+ echo '---- native code in the APK ----'
---- native code in the APK ----
+ unzip -l apk/Wahari-0.0.10-18987b5082d21470a23cf3c6aa20fc7d59c5132d.apk 'lib/*'
Archive:  apk/Wahari-0.0.10-18987b5082d21470a23cf3c6aa20fc7d59c5132d.apk
  Length      Date    Time    Name
---------  ---------- -----   ----
    10096  1981-01-01 01:01   lib/arm64-v8a/libandroidx.graphics.path.so
  1292904  1981-01-01 01:01   lib/arm64-v8a/libc++_shared.so
     7112  1981-01-01 01:01   lib/arm64-v8a/libdatastore_shared_counter.so
  1180992  1981-01-01 01:01   lib/arm64-v8a/libneedlejni.so
     7252  1981-01-01 01:01   lib/armeabi-v7a/libandroidx.graphics.path.so
   872872  1981-01-01 01:01   lib/armeabi-v7a/libc++_shared.so
     4416  1981-01-01 01:01   lib/armeabi-v7a/libdatastore_shared_counter.so
     3812  1981-01-01 01:01   lib/armeabi-v7a/libneedlejni.so
     9284  1981-01-01 01:01   lib/x86/libandroidx.graphics.path.so
  1254988  1981-01-01 01:01   lib/x86/libc++_shared.so
     5148  1981-01-01 01:01   lib/x86/libdatastore_shared_counter.so
     4448  1981-01-01 01:01   lib/x86/libneedlejni.so
    10760  1981-01-01 01:01   lib/x86_64/libandroidx.graphics.path.so
  1252080  1981-01-01 01:01   lib/x86_64/libc++_shared.so
     6224  1981-01-01 01:01   lib/x86_64/libdatastore_shared_counter.so
     5504  1981-01-01 01:01   lib/x86_64/libneedlejni.so
---------                     -------
  5927892                     16 files
+ echo '---- device ----'
---- device ----
+ adb shell getprop ro.product.cpu.abi
x86_64
+ adb shell getprop ro.build.version.release
14
+ echo '---- install ----'
---- install ----
+ adb install -r -g apk/Wahari-0.0.10-18987b5082d21470a23cf3c6aa20fc7d59c5132d.apk
Performing Streamed Install
Success
+ echo '---- launch ----'
---- launch ----
+ adb shell am start -W -n com.ajirodesu.wahari/dev.citali.needle.MainActivity
Starting: Intent { cmp=com.ajirodesu.wahari/dev.citali.needle.MainActivity }
Status: ok
LaunchState: COLD
Activity: com.ajirodesu.wahari/dev.citali.needle.MainActivity
TotalTime: 3562
WaitTime: 3627
Complete
+ sleep 20
+ echo '---- process ----'
---- process ----
++ adb shell pidof com.ajirodesu.wahari
++ tr -d '\r'
+ pid=3319
+ '[' -z 3319 ']'
+ echo 'Needle is running as pid 3319'
Needle is running as pid 3319
+ echo '---- crash buffer ----'
---- crash buffer ----
+ adb logcat -d -b crash
+ grep -q com.ajirodesu.wahari
+ echo '(crash buffer is clean)'
(crash buffer is clean)
+ echo '---- top activity ----'
---- top activity ----
+ adb shell dumpsys activity activities
+ grep -m1 topResumedActivity
    topResumedActivity=ActivityRecord{e11ede9 u0 com.ajirodesu.wahari/dev.citali.needle.MainActivity t8}
+ adb shell dumpsys activity activities
+ grep -m1 topResumedActivity
+ grep -q com.ajirodesu.wahari
+ echo '---- errors the app logged ----'
---- errors the app logged ----
+ adb logcat -d -v brief '*:E'
+ grep -i com.ajirodesu.wahari
+ echo '(none)'
(none)
+ echo '---- screenshot ----'
---- screenshot ----
+ adb exec-out screencap -p
+ ls -la screenshot.png
-rw-r--r-- 1 runner runner 103979 Oct  3 14:25 screenshot.png
